version https://git-lfs.github.com/spec/v1
oid sha256:e6e4d1506b4f26748ac5c21bca829a16f0d2754f4a318e1aa4549db646a8bcdd
size 48
