version https://git-lfs.github.com/spec/v1
oid sha256:242d2cc68e529e0b516b586be0e52d9fd05de5bc04bbae47ef81f1bf147b5fa3
size 5449
