version https://git-lfs.github.com/spec/v1
oid sha256:e444f33f7b614286449026ee80c9e64d2fdc6349224c019511229b90fe81b8d8
size 4619
